2025-11-18 00:45:37,115 - masks - INFO : Функция get_mask_card_number приняла на вход 7000792289606361
2025-11-18 00:45:37,116 - masks - INFO : Функция возвращает 7000 79** **** 6361
2025-11-18 00:45:37,117 - masks - INFO : Функция get_mask_card_number приняла на вход 1234567890123
2025-11-18 00:45:37,119 - masks - INFO : Функция get_mask_card_number приняла на вход 
2025-11-18 00:45:37,120 - masks - INFO : Функция get_mask_account приняла на вход 73654108430135874305
2025-11-18 00:45:37,120 - masks - INFO : Функция возвращает **4305
2025-11-18 00:45:37,121 - masks - INFO : Функция get_mask_account приняла на вход 
2025-11-18 00:45:37,122 - masks - INFO : Функция get_mask_account приняла на вход 1234567890123
2025-11-18 00:45:37,396 - masks - INFO : Функция get_mask_card_number приняла на вход 1596837868705199
2025-11-18 00:45:37,396 - masks - INFO : Функция возвращает 1596 83** **** 5199
2025-11-18 00:45:37,397 - masks - INFO : Функция get_mask_account приняла на вход 64686473678894779589
2025-11-18 00:45:37,398 - masks - INFO : Функция возвращает **9589
2025-11-18 00:45:37,399 - masks - INFO : Функция get_mask_card_number приняла на вход 7158300734726758
2025-11-18 00:45:37,399 - masks - INFO : Функция возвращает 7158 30** **** 6758
2025-11-18 00:45:37,400 - masks - INFO : Функция get_mask_account приняла на вход 35383033474447895560
2025-11-18 00:45:37,400 - masks - INFO : Функция возвращает **5560
2025-11-18 00:45:37,401 - masks - INFO : Функция get_mask_card_number приняла на вход 6831982476737658
2025-11-18 00:45:37,402 - masks - INFO : Функция возвращает 6831 98** **** 7658
2025-11-18 00:45:37,403 - masks - INFO : Функция get_mask_card_number приняла на вход 8990922113665229
2025-11-18 00:45:37,403 - masks - INFO : Функция возвращает 8990 92** **** 5229
2025-11-18 00:45:37,404 - masks - INFO : Функция get_mask_card_number приняла на вход 5999414228426353
2025-11-18 00:45:37,404 - masks - INFO : Функция возвращает 5999 41** **** 6353
2025-11-18 00:45:37,405 - masks - INFO : Функция get_mask_account приняла на вход 73654108430135874305
2025-11-18 00:45:37,405 - masks - INFO : Функция возвращает **4305
2025-11-18 00:45:37,408 - masks - INFO : Функция get_mask_account приняла на вход 3538303347444789556
2025-11-18 00:45:37,409 - masks - INFO : Функция get_mask_card_number приняла на вход 683198247673765
