2025-11-18 00:45:37,141 - utils - INFO : Функция load_transactions приняла на вход C:\Users\User\AppData\Local\Temp\pytest-of-User\pytest-25\test_load_transactions_json_ok0\operations.json
2025-11-18 00:45:37,142 - utils - INFO : Загружен файл мз C:\Users\User\AppData\Local\Temp\pytest-of-User\pytest-25\test_load_transactions_json_ok0\operations.json 
2025-11-18 00:45:37,142 - utils - INFO : Файл прочитан успешно
2025-11-18 00:45:37,144 - utils - INFO : Функция load_transactions приняла на вход C:\Users\User\AppData\Local\Temp\pytest-of-User\pytest-25\test_load_transactions_json_em0\empty.json
2025-11-18 00:45:37,144 - utils - INFO : Загружен файл мз C:\Users\User\AppData\Local\Temp\pytest-of-User\pytest-25\test_load_transactions_json_em0\empty.json 
2025-11-18 00:45:37,144 - utils - INFO : Файл пустой, возвращается пустой список
2025-11-18 00:45:37,146 - utils - INFO : Функция load_transactions приняла на вход C:\Users\User\AppData\Local\Temp\pytest-of-User\pytest-25\test_load_transactions_json_no0\dict.json
2025-11-18 00:45:37,147 - utils - INFO : Загружен файл мз C:\Users\User\AppData\Local\Temp\pytest-of-User\pytest-25\test_load_transactions_json_no0\dict.json 
2025-11-18 00:45:37,149 - utils - INFO : Функция load_transactions приняла на вход C:\Users\User\AppData\Local\Temp\pytest-of-User\pytest-25\test_load_transactions_json_fi0\no_such_file.json
2025-11-18 00:45:37,149 - utils - INFO : Произошла ошибка [Errno 2] No such file or directory: 'C:\\Users\\User\\AppData\\Local\\Temp\\pytest-of-User\\pytest-25\\test_load_transactions_json_fi0\\no_such_file.json'
2025-11-18 00:45:37,151 - utils - INFO : Функция load_transactions приняла на вход C:\Users\User\AppData\Local\Temp\pytest-of-User\pytest-25\test_load_transactions_json_br0\broken.json
2025-11-18 00:45:37,152 - utils - INFO : Произошла ошибка Expecting property name enclosed in double quotes: line 1 column 2 (char 1)
2025-11-18 00:45:37,158 - utils - INFO : Функция load_transactions_csv приняла на вход C:\Users\User\AppData\Local\Temp\pytest-of-User\pytest-25\test_load_transactions_csv_ok0\transactions.csv
2025-11-18 00:45:37,161 - utils - INFO : CSV-файл C:\Users\User\AppData\Local\Temp\pytest-of-User\pytest-25\test_load_transactions_csv_ok0\transactions.csv успешно прочитан, загружено 2 операций
2025-11-18 00:45:37,164 - utils - INFO : Функция load_transactions_csv приняла на вход C:\Users\User\AppData\Local\Temp\pytest-of-User\pytest-25\test_load_transactions_csv_fil0\no_such.csv
2025-11-18 00:45:37,164 - utils - INFO : Файл не найден: [Errno 2] No such file or directory: 'C:\\Users\\User\\AppData\\Local\\Temp\\pytest-of-User\\pytest-25\\test_load_transactions_csv_fil0\\no_such.csv'
2025-11-18 00:45:37,166 - utils - INFO : Функция load_transactions_csv приняла на вход C:\Users\User\AppData\Local\Temp\pytest-of-User\pytest-25\test_load_transactions_csv_emp0\empty.csv
2025-11-18 00:45:37,167 - utils - INFO : Файл пустой или некорректный: No columns to parse from file
2025-11-18 00:45:37,335 - utils - INFO : Функция load_transactions_excel приняла на вход C:\Users\User\AppData\Local\Temp\pytest-of-User\pytest-25\test_load_transactions_excel_o0\transactions.xlsx
2025-11-18 00:45:37,355 - utils - INFO : Excel-файл C:\Users\User\AppData\Local\Temp\pytest-of-User\pytest-25\test_load_transactions_excel_o0\transactions.xlsx успешно прочитан, загружено 1 операций
2025-11-18 00:45:37,357 - utils - INFO : Функция load_transactions_excel приняла на вход C:\Users\User\AppData\Local\Temp\pytest-of-User\pytest-25\test_load_transactions_excel_f0\no_such.xlsx
2025-11-18 00:45:37,358 - utils - INFO : Файл не найден: [Errno 2] No such file or directory: 'C:\\Users\\User\\AppData\\Local\\Temp\\pytest-of-User\\pytest-25\\test_load_transactions_excel_f0\\no_such.xlsx'
2025-11-18 00:45:37,369 - utils - INFO : Функция load_transactions_excel приняла на вход C:\Users\User\AppData\Local\Temp\pytest-of-User\pytest-25\test_load_transactions_excel_e0\empty.xlsx
2025-11-18 00:45:37,386 - utils - INFO : Excel-файл пустой, возвращается пустой список
2025-11-18 00:45:37,389 - utils - INFO : Функция load_transactions приняла на вход C:\Users\User\AppData\Local\Temp\pytest-of-User\pytest-25\test_load_transactions_dispatc0\operations.json
2025-11-18 00:45:37,391 - utils - INFO : Функция load_transactions приняла на вход C:\Users\User\AppData\Local\Temp\pytest-of-User\pytest-25\test_load_transactions_dispatc1\transactions.csv
2025-11-18 00:45:37,393 - utils - INFO : Функция load_transactions приняла на вход C:\Users\User\AppData\Local\Temp\pytest-of-User\pytest-25\test_load_transactions_dispatc2\transactions.xlsx
2025-11-18 00:45:37,394 - utils - INFO : Функция load_transactions приняла на вход C:\Users\User\AppData\Local\Temp\pytest-of-User\pytest-25\test_load_transactions_unknown0\transactions.txt
2025-11-18 00:45:37,395 - utils - INFO : Неизвестное расширение файла, возвращается пустой список
